Archive member included to satisfy reference by file (symbol)

/opt/Atollic_TrueSTUDIO_for_ARM_x86_64_8.0.0/ARMTools/bin/../lib/gcc/arm-atollic-eabi/6.3.1/../../../../arm-atollic-eabi/lib/armv7-m/libc_nano.a(lib_a-init.o)
                              startup/startup_stm32f103xb.o (__libc_init_array)
/opt/Atollic_TrueSTUDIO_for_ARM_x86_64_8.0.0/ARMTools/bin/../lib/gcc/arm-atollic-eabi/6.3.1/../../../../arm-atollic-eabi/lib/armv7-m/libc_nano.a(lib_a-memset.o)
                              Drivers/STM32F1xx_HAL_Driver/Src/stm32f1xx_hal_rcc.o (memset)
/opt/Atollic_TrueSTUDIO_for_ARM_x86_64_8.0.0/ARMTools/bin/../lib/gcc/arm-atollic-eabi/6.3.1/armv7-m/libgcc.a(_lshrdi3.o)
                              Drivers/STM32F1xx_HAL_Driver/Src/stm32f1xx_hal_flash.o (__aeabi_llsr)

Allocating common symbols
Common symbol       size              file

hUsbDeviceFS        0x224             Src/usb_device.o
uwTick              0x4               Drivers/STM32F1xx_HAL_Driver/Src/stm32f1xx_hal.o
pFlash              0x20              Drivers/STM32F1xx_HAL_Driver/Src/stm32f1xx_hal_flash.o
hadc1               0x30              Src/main.o
hpcd_USB_FS         0x460             Src/usbd_conf.o
USBD_StrDesc        0x200             Src/usbd_desc.o

Discarded input sections

 .text          0x0000000000000000        0x0 /opt/Atollic_TrueSTUDIO_for_ARM_x86_64_8.0.0/ARMTools/bin/../lib/gcc/arm-atollic-eabi/6.3.1/armv7-m/crti.o
 .data          0x0000000000000000        0x0 /opt/Atollic_TrueSTUDIO_for_ARM_x86_64_8.0.0/ARMTools/bin/../lib/gcc/arm-atollic-eabi/6.3.1/armv7-m/crti.o
 .bss           0x0000000000000000        0x0 /opt/Atollic_TrueSTUDIO_for_ARM_x86_64_8.0.0/ARMTools/bin/../lib/gcc/arm-atollic-eabi/6.3.1/armv7-m/crti.o
 .data          0x0000000000000000        0x4 /opt/Atollic_TrueSTUDIO_for_ARM_x86_64_8.0.0/ARMTools/bin/../lib/gcc/arm-atollic-eabi/6.3.1/armv7-m/crtbegin.o
 .text          0x0000000000000000        0x0 Drivers/STM32F1xx_HAL_Driver/Src/stm32f1xx_hal.o
 .data          0x0000000000000000        0x0 Drivers/STM32F1xx_HAL_Driver/Src/stm32f1xx_hal.o
 .bss           0x0000000000000000        0x0 Drivers/STM32F1xx_HAL_Driver/Src/stm32f1xx_hal.o
 .text.HAL_MspInit
                0x0000000000000000        0x2 Drivers/STM32F1xx_HAL_Driver/Src/stm32f1xx_hal.o
 .text.HAL_MspDeInit
                0x0000000000000000        0x2 Drivers/STM32F1xx_HAL_Driver/Src/stm32f1xx_hal.o
 .text.HAL_DeInit
                0x0000000000000000       0x20 Drivers/STM32F1xx_HAL_Driver/Src/stm32f1xx_hal.o
 .text.HAL_SuspendTick
                0x0000000000000000       0x10 Drivers/STM32F1xx_HAL_Driver/Src/stm32f1xx_hal.o
 .text.HAL_ResumeTick
                0x0000000000000000       0x10 Drivers/STM32F1xx_HAL_Driver/Src/stm32f1xx_hal.o
 .text.HAL_GetHalVersion
                0x0000000000000000        0x8 Drivers/STM32F1xx_HAL_Driver/Src/stm32f1xx_hal.o
 .text.HAL_GetREVID
                0x0000000000000000        0xc Drivers/STM32F1xx_HAL_Driver/Src/stm32f1xx_hal.o
 .text.HAL_GetDEVID
                0x0000000000000000       0x10 Drivers/STM32F1xx_HAL_Driver/Src/stm32f1xx_hal.o
 .text.HAL_DBGMCU_EnableDBGSleepMode
                0x0000000000000000       0x10 Drivers/STM32F1xx_HAL_Driver/Src/stm32f1xx_hal.o
 .text.HAL_DBGMCU_DisableDBGSleepMode
                0x0000000000000000       0x10 Drivers/STM32F1xx_HAL_Driver/Src/stm32f1xx_hal.o
 .text.HAL_DBGMCU_EnableDBGStopMode
                0x0000000000000000       0x10 Drivers/STM32F1xx_HAL_Driver/Src/stm32f1xx_hal.o
 .text.HAL_DBGMCU_DisableDBGStopMode
                0x0000000000000000       0x10 Drivers/STM32F1xx_HAL_Driver/Src/stm32f1xx_hal.o
 .text.HAL_DBGMCU_EnableDBGStandbyMode
                0x0000000000000000       0x10 Drivers/STM32F1xx_HAL_Driver/Src/stm32f1xx_hal.o
 .text.HAL_DBGMCU_DisableDBGStandbyMode
                0x0000000000000000       0x10 Drivers/STM32F1xx_HAL_Driver/Src/stm32f1xx_hal.o
 .text.HAL_GetUID
                0x0000000000000000       0x20 Drivers/STM32F1xx_HAL_Driver/Src/stm32f1xx_hal.o
 .text          0x0000000000000000        0x0 Drivers/STM32F1xx_HAL_Driver/Src/stm32f1xx_hal_adc.o
 .data          0x0000000000000000        0x0 Drivers/STM32F1xx_HAL_Driver/Src/stm32f1xx_hal_adc.o
 .bss           0x0000000000000000        0x0 Drivers/STM32F1xx_HAL_Driver/Src/stm32f1xx_hal_adc.o
 .text.HAL_ADC_MspInit
                0x0000000000000000        0x2 Drivers/STM32F1xx_HAL_Driver/Src/stm32f1xx_hal_adc.o
 .text.HAL_ADC_MspDeInit
                0x0000000000000000        0x2 Drivers/STM32F1xx_HAL_Driver/Src/stm32f1xx_hal_adc.o
 .text.HAL_ADC_PollForEvent
                0x0000000000000000       0x4e Drivers/STM32F1xx_HAL_Driver/Src/stm32f1xx_hal_adc.o
 .text.HAL_ADC_ConvCpltCallback
                0x0000000000000000        0x2 Drivers/STM32F1xx_HAL_Driver/Src/stm32f1xx_hal_adc.o
 .text.ADC_DMAConvCplt
                0x0000000000000000       0x4e Drivers/STM32F1xx_HAL_Driver/Src/stm32f1xx_hal_adc.o
 .text.HAL_ADC_ConvHalfCpltCallback
[...]
Memory Configuration

Name             Origin             Length             Attributes
RAM              0x0000000020000000 0x0000000000005000 xrw
FLASH            0x0000000008000000 0x0000000000010000 xr
*default*        0x0000000000000000 0xffffffffffffffff

Linker script and memory map

LOAD /opt/Atollic_TrueSTUDIO_for_ARM_x86_64_8.0.0/ARMTools/bin/../lib/gcc/arm-atollic-eabi/6.3.1/armv7-m/crti.o
LOAD /opt/Atollic_TrueSTUDIO_for_ARM_x86_64_8.0.0/ARMTools/bin/../lib/gcc/arm-atollic-eabi/6.3.1/armv7-m/crtbegin.o
LOAD Drivers/STM32F1xx_HAL_Driver/Src/stm32f1xx_hal.o
LOAD Drivers/STM32F1xx_HAL_Driver/Src/stm32f1xx_hal_adc.o
LOAD Drivers/STM32F1xx_HAL_Driver/Src/stm32f1xx_hal_adc_ex.o
LOAD Drivers/STM32F1xx_HAL_Driver/Src/stm32f1xx_hal_cortex.o
LOAD Drivers/STM32F1xx_HAL_Driver/Src/stm32f1xx_hal_dma.o
LOAD Drivers/STM32F1xx_HAL_Driver/Src/stm32f1xx_hal_flash.o
LOAD Drivers/STM32F1xx_HAL_Driver/Src/stm32f1xx_hal_flash_ex.o
LOAD Drivers/STM32F1xx_HAL_Driver/Src/stm32f1xx_hal_gpio.o
LOAD Drivers/STM32F1xx_HAL_Driver/Src/stm32f1xx_hal_gpio_ex.o
LOAD Drivers/STM32F1xx_HAL_Driver/Src/stm32f1xx_hal_pcd.o
LOAD Drivers/STM32F1xx_HAL_Driver/Src/stm32f1xx_hal_pcd_ex.o
LOAD Drivers/STM32F1xx_HAL_Driver/Src/stm32f1xx_hal_pwr.o
LOAD Drivers/STM32F1xx_HAL_Driver/Src/stm32f1xx_hal_rcc.o
LOAD Drivers/STM32F1xx_HAL_Driver/Src/stm32f1xx_hal_rcc_ex.o
LOAD Drivers/STM32F1xx_HAL_Driver/Src/stm32f1xx_hal_tim.o
LOAD Drivers/STM32F1xx_HAL_Driver/Src/stm32f1xx_hal_tim_ex.o
LOAD Drivers/STM32F1xx_HAL_Driver/Src/stm32f1xx_ll_usb.o
LOAD Middlewares/ST/STM32_USB_Device_Library/Class/CustomHID/Src/usbd_customhid.o
LOAD Middlewares/ST/STM32_USB_Device_Library/Core/Src/usbd_core.o
LOAD Middlewares/ST/STM32_USB_Device_Library/Core/Src/usbd_ctlreq.o
LOAD Middlewares/ST/STM32_USB_Device_Library/Core/Src/usbd_ioreq.o
LOAD Src/main.o
LOAD Src/stm32f1xx_hal_msp.o
LOAD Src/stm32f1xx_it.o
LOAD Src/system_stm32f1xx.o
LOAD Src/usb_device.o
LOAD Src/usbd_conf.o
LOAD Src/usbd_custom_hid_if.o
LOAD Src/usbd_desc.o
LOAD startup/startup_stm32f103xb.o
                0x0000000000000080                malloc_getpagesize_P = 0x80
START GROUP
LOAD /opt/Atollic_TrueSTUDIO_for_ARM_x86_64_8.0.0/ARMTools/bin/../lib/gcc/arm-atollic-eabi/6.3.1/../../../../arm-atollic-eabi/lib/armv7-m/libc_nano.a
LOAD /opt/Atollic_TrueSTUDIO_for_ARM_x86_64_8.0.0/ARMTools/bin/../lib/gcc/arm-atollic-eabi/6.3.1/../../../../arm-atollic-eabi/lib/armv7-m/libm.a
END GROUP
START GROUP
LOAD /opt/Atollic_TrueSTUDIO_for_ARM_x86_64_8.0.0/ARMTools/bin/../lib/gcc/arm-atollic-eabi/6.3.1/armv7-m/libgcc.a
LOAD /opt/Atollic_TrueSTUDIO_for_ARM_x86_64_8.0.0/ARMTools/bin/../lib/gcc/arm-atollic-eabi/6.3.1/../../../../arm-atollic-eabi/lib/armv7-m/libc_nano.a
END GROUP
START GROUP
LOAD /opt/Atollic_TrueSTUDIO_for_ARM_x86_64_8.0.0/ARMTools/bin/../lib/gcc/arm-atollic-eabi/6.3.1/armv7-m/libgcc.a
LOAD /opt/Atollic_TrueSTUDIO_for_ARM_x86_64_8.0.0/ARMTools/bin/../lib/gcc/arm-atollic-eabi/6.3.1/../../../../arm-atollic-eabi/lib/armv7-m/libc_nano.a
LOAD /opt/Atollic_TrueSTUDIO_for_ARM_x86_64_8.0.0/ARMTools/bin/../lib/gcc/arm-atollic-eabi/6.3.1/../../../../arm-atollic-eabi/lib/armv7-m/libnosys.a
END GROUP
START GROUP
LOAD /opt/Atollic_TrueSTUDIO_for_ARM_x86_64_8.0.0/ARMTools/bin/../lib/gcc/arm-atollic-eabi/6.3.1/armv7-m/libgcc.a
LOAD /opt/Atollic_TrueSTUDIO_for_ARM_x86_64_8.0.0/ARMTools/bin/../lib/gcc/arm-atollic-eabi/6.3.1/../../../../arm-atollic-eabi/lib/armv7-m/libc_nano.a
LOAD /opt/Atollic_TrueSTUDIO_for_ARM_x86_64_8.0.0/ARMTools/bin/../lib/gcc/arm-atollic-eabi/6.3.1/../../../../arm-atollic-eabi/lib/armv7-m/libnosys.a
END GROUP
LOAD /opt/Atollic_TrueSTUDIO_for_ARM_x86_64_8.0.0/ARMTools/bin/../lib/gcc/arm-atollic-eabi/6.3.1/armv7-m/crtend.o
LOAD /opt/Atollic_TrueSTUDIO_for_ARM_x86_64_8.0.0/ARMTools/bin/../lib/gcc/arm-atollic-eabi/6.3.1/armv7-m/crtn.o
                0x0000000020005000                _estack = 0x20005000
                0x0000000000000200                _Min_Heap_Size = 0x200
                0x0000000000000400                _Min_Stack_Size = 0x400

.isr_vector     0x0000000008000000      0x10c
                0x0000000008000000                . = ALIGN (0x4)
 *(.isr_vector)
 .isr_vector    0x0000000008000000      0x10c startup/startup_stm32f103xb.o
                0x0000000008000000                g_pfnVectors
                0x000000000800010c                . = ALIGN (0x4)

.text           0x000000000800010c     0x2f8c
                0x000000000800010c                . = ALIGN (0x4)
 *(.text)
 .text          0x000000000800010c       0x40 /opt/Atollic_TrueSTUDIO_for_ARM_x86_64_8.0.0/ARMTools/bin/../lib/gcc/arm-atollic-eabi/6.3.1/armv7-m/crtbegin.o
 *(.text*)
 .text.HAL_InitTick
                0x000000000800014c       0x28 Drivers/STM32F1xx_HAL_Driver/Src/stm32f1xx_hal.o
                0x000000000800014c                HAL_InitTick
 .text.HAL_Init
                0x0000000008000174       0x24 Drivers/STM32F1xx_HAL_Driver/Src/stm32f1xx_hal.o
                0x0000000008000174                HAL_Init
 .text.HAL_IncTick
                0x0000000008000198       0x10 Drivers/STM32F1xx_HAL_Driver/Src/stm32f1xx_hal.o
                0x0000000008000198                HAL_IncTick
 .text.HAL_GetTick
                0x00000000080001a8        0xc Drivers/STM32F1xx_HAL_Driver/Src/stm32f1xx_hal.o
                0x00000000080001a8                HAL_GetTick
 .text.HAL_Delay
                0x00000000080001b4       0x20 Drivers/STM32F1xx_HAL_Driver/Src/stm32f1xx_hal.o
                0x00000000080001b4                HAL_Delay
 .text.HAL_ADC_PollForConversion
                0x00000000080001d4      0x13c Drivers/STM32F1xx_HAL_Driver/Src/stm32f1xx_hal_adc.o
                0x00000000080001d4                HAL_ADC_PollForConversion
 .text.HAL_ADC_GetValue
                0x0000000008000310        0x6 Drivers/STM32F1xx_HAL_Driver/Src/stm32f1xx_hal_adc.o
                0x0000000008000310                HAL_ADC_GetValue
 *fill*         0x0000000008000316        0x2 
 .text.HAL_ADC_ConfigChannel
                0x0000000008000318      0x108 Drivers/STM32F1xx_HAL_Driver/Src/stm32f1xx_hal_adc.o
                0x0000000008000318                HAL_ADC_ConfigChannel
 .text.ADC_Enable
                0x0000000008000420       0x70 Drivers/STM32F1xx_HAL_Driver/Src/stm32f1xx_hal_adc.o
                0x0000000008000420                ADC_Enable
 .text.HAL_ADC_Start
                0x0000000008000490       0xc4 Drivers/STM32F1xx_HAL_Driver/Src/stm32f1xx_hal_adc.o
                0x0000000008000490                HAL_ADC_Start
 .text.ADC_ConversionStop_Disable
                0x0000000008000554       0x44 Drivers/STM32F1xx_HAL_Driver/Src/stm32f1xx_hal_adc.o
                0x0000000008000554                ADC_ConversionStop_Disable
 .text.HAL_ADC_Init
                0x0000000008000598      0x100 Drivers/STM32F1xx_HAL_Driver/Src/stm32f1xx_hal_adc.o
                0x0000000008000598                HAL_ADC_Init
 .text.HAL_ADC_Stop
                0x0000000008000698       0x34 Drivers/STM32F1xx_HAL_Driver/Src/stm32f1xx_hal_adc.o
                0x0000000008000698                HAL_ADC_Stop
 .text.HAL_NVIC_SetPriorityGrouping
                0x00000000080006cc       0x24 Drivers/STM32F1xx_HAL_Driver/Src/stm32f1xx_hal_cortex.o
                0x00000000080006cc                HAL_NVIC_SetPriorityGrouping
 .text.HAL_NVIC_SetPriority
                0x00000000080006f0       0x68 Drivers/STM32F1xx_HAL_Driver/Src/stm32f1xx_hal_cortex.o
                0x00000000080006f0                HAL_NVIC_SetPriority
 .text.HAL_NVIC_EnableIRQ
                0x0000000008000758       0x18 Drivers/STM32F1xx_HAL_Driver/Src/stm32f1xx_hal_cortex.o
                0x0000000008000758                HAL_NVIC_EnableIRQ
 .text.HAL_SYSTICK_Config
                0x0000000008000770       0x2c Drivers/STM32F1xx_HAL_Driver/Src/stm32f1xx_hal_cortex.o
                0x0000000008000770                HAL_SYSTICK_Config
 .text.HAL_SYSTICK_CLKSourceConfig
                0x000000000800079c       0x18 Drivers/STM32F1xx_HAL_Driver/Src/stm32f1xx_hal_cortex.o
                0x000000000800079c                HAL_SYSTICK_CLKSourceConfig
 .text.HAL_SYSTICK_Callback
                0x00000000080007b4        0x2 Drivers/STM32F1xx_HAL_Driver/Src/stm32f1xx_hal_cortex.o
                0x00000000080007b4                HAL_SYSTICK_Callback
 .text.HAL_SYSTICK_IRQHandler
                0x00000000080007b6        0x8 Drivers/STM32F1xx_HAL_Driver/Src/stm32f1xx_hal_cortex.o
                0x00000000080007b6                HAL_SYSTICK_IRQHandler
 *fill*         0x00000000080007be        0x2 
 .text.HAL_GPIO_Init
                0x00000000080007c0      0x1c0 Drivers/STM32F1xx_HAL_Driver/Src/stm32f1xx_hal_gpio.o
                0x00000000080007c0                HAL_GPIO_Init
 .text.HAL_GPIO_WritePin
                0x0000000008000980        0xa Drivers/STM32F1xx_HAL_Driver/Src/stm32f1xx_hal_gpio.o
                0x0000000008000980                HAL_GPIO_WritePin
 .text.HAL_PCD_Init
                0x000000000800098a       0xd2 Drivers/STM32F1xx_HAL_Driver/Src/stm32f1xx_hal_pcd.o
                0x000000000800098a                HAL_PCD_Init
 .text.HAL_PCD_Start
                0x0000000008000a5c       0x2e Drivers/STM32F1xx_HAL_Driver/Src/stm32f1xx_hal_pcd.o
                0x0000000008000a5c                HAL_PCD_Start
 .text.HAL_PCD_SetAddress
                0x0000000008000a8a       0x28 Drivers/STM32F1xx_HAL_Driver/Src/stm32f1xx_hal_pcd.o
                0x0000000008000a8a                HAL_PCD_SetAddress
 .text.HAL_PCD_EP_Open
                0x0000000008000ab2       0x46 Drivers/STM32F1xx_HAL_Driver/Src/stm32f1xx_hal_pcd.o
                0x0000000008000ab2                HAL_PCD_EP_Open
 .text.HAL_PCD_EP_Close
                0x0000000008000af8       0x42 Drivers/STM32F1xx_HAL_Driver/Src/stm32f1xx_hal_pcd.o
                0x0000000008000af8                HAL_PCD_EP_Close
 .text.HAL_PCD_EP_Receive
                0x0000000008000b3a       0x30 Drivers/STM32F1xx_HAL_Driver/Src/stm32f1xx_hal_pcd.o
                0x0000000008000b3a                HAL_PCD_EP_Receive
 .text.HAL_PCD_EP_Transmit
                0x0000000008000b6a       0x2c Drivers/STM32F1xx_HAL_Driver/Src/stm32f1xx_hal_pcd.o
                0x0000000008000b6a                HAL_PCD_EP_Transmit
 *fill*         0x0000000008000b96        0x2 
 .text.HAL_PCD_IRQHandler
                0x0000000008000b98      0x4f0 Drivers/STM32F1xx_HAL_Driver/Src/stm32f1xx_hal_pcd.o
                0x0000000008000b98                HAL_PCD_IRQHandler
 .text.HAL_PCD_EP_SetStall
                0x0000000008001088       0x52 Drivers/STM32F1xx_HAL_Driver/Src/stm32f1xx_hal_pcd.o
                0x0000000008001088                HAL_PCD_EP_SetStall
 .text.HAL_PCD_EP_ClrStall
                0x00000000080010da       0x46 Drivers/STM32F1xx_HAL_Driver/Src/stm32f1xx_hal_pcd.o
                0x00000000080010da                HAL_PCD_EP_ClrStall
 .text.HAL_PCDEx_PMAConfig
                0x0000000008001120       0x30 Drivers/STM32F1xx_HAL_Driver/Src/stm32f1xx_hal_pcd_ex.o
                0x0000000008001120                HAL_PCDEx_PMAConfig
 .text.HAL_RCC_OscConfig
                0x0000000008001150      0x318 Drivers/STM32F1xx_HAL_Driver/Src/stm32f1xx_hal_rcc.o
                0x0000000008001150                HAL_RCC_OscConfig
 .text.HAL_RCC_GetSysClockFreq
                0x0000000008001468       0x7c Drivers/STM32F1xx_HAL_Driver/Src/stm32f1xx_hal_rcc.o
                0x0000000008001468                HAL_RCC_GetSysClockFreq
 .text.HAL_RCC_ClockConfig
                0x00000000080014e4      0x148 Drivers/STM32F1xx_HAL_Driver/Src/stm32f1xx_hal_rcc.o
                0x00000000080014e4                HAL_RCC_ClockConfig
 .text.HAL_RCC_GetHCLKFreq
                0x000000000800162c        0xc Drivers/STM32F1xx_HAL_Driver/Src/stm32f1xx_hal_rcc.o
                0x000000000800162c                HAL_RCC_GetHCLKFreq
 .text.HAL_RCC_GetPCLK2Freq
                0x0000000008001638       0x20 Drivers/STM32F1xx_HAL_Driver/Src/stm32f1xx_hal_rcc.o
                0x0000000008001638                HAL_RCC_GetPCLK2Freq
 .text.HAL_RCCEx_PeriphCLKConfig
                0x0000000008001658       0xf0 Drivers/STM32F1xx_HAL_Driver/Src/stm32f1xx_hal_rcc_ex.o
                0x0000000008001658                HAL_RCCEx_PeriphCLKConfig
 .text.HAL_RCCEx_GetPeriphCLKFreq
                0x0000000008001748       0xec Drivers/STM32F1xx_HAL_Driver/Src/stm32f1xx_hal_rcc_ex.o
                0x0000000008001748                HAL_RCCEx_GetPeriphCLKFreq
 .text.USB_CoreInit
                0x0000000008001834        0xe Drivers/STM32F1xx_HAL_Driver/Src/stm32f1xx_ll_usb.o
                0x0000000008001834                USB_CoreInit
 .text.USB_EnableGlobalInt
                0x0000000008001842       0x12 Drivers/STM32F1xx_HAL_Driver/Src/stm32f1xx_ll_usb.o
                0x0000000008001842                USB_EnableGlobalInt
 .text.USB_DisableGlobalInt
                0x0000000008001854       0x14 Drivers/STM32F1xx_HAL_Driver/Src/stm32f1xx_ll_usb.o
                0x0000000008001854                USB_DisableGlobalInt
 .text.USB_SetCurrentMode
                0x0000000008001868        0x4 Drivers/STM32F1xx_HAL_Driver/Src/stm32f1xx_ll_usb.o
                0x0000000008001868                USB_SetCurrentMode
 .text.USB_DevInit
                0x000000000800186c       0x36 Drivers/STM32F1xx_HAL_Driver/Src/stm32f1xx_ll_usb.o
                0x000000000800186c                USB_DevInit
 *fill*         0x00000000080018a2        0x2 
 .text.USB_ActivateEndpoint
                0x00000000080018a4      0x2e4 Drivers/STM32F1xx_HAL_Driver/Src/stm32f1xx_ll_usb.o
                0x00000000080018a4                USB_ActivateEndpoint
 .text.USB_DeactivateEndpoint
                0x0000000008001b88      0x19c Drivers/STM32F1xx_HAL_Driver/Src/stm32f1xx_ll_usb.o
                0x0000000008001b88                USB_DeactivateEndpoint
 .text.USB_EPSetStall
                0x0000000008001d24       0x64 Drivers/STM32F1xx_HAL_Driver/Src/stm32f1xx_ll_usb.o
                0x0000000008001d24                USB_EPSetStall
 .text.USB_EPClearStall
                0x0000000008001d88       0x84 Drivers/STM32F1xx_HAL_Driver/Src/stm32f1xx_ll_usb.o
                0x0000000008001d88                USB_EPClearStall
 .text.USB_SetDevAddress
                0x0000000008001e0c        0xc Drivers/STM32F1xx_HAL_Driver/Src/stm32f1xx_ll_usb.o
                0x0000000008001e0c                USB_SetDevAddress
 .text.USB_DevConnect
                0x0000000008001e18        0x4 Drivers/STM32F1xx_HAL_Driver/Src/stm32f1xx_ll_usb.o
                0x0000000008001e18                USB_DevConnect
 .text.USB_DevDisconnect
                0x0000000008001e1c        0x4 Drivers/STM32F1xx_HAL_Driver/Src/stm32f1xx_ll_usb.o
                0x0000000008001e1c                USB_DevDisconnect
 .text.USB_ReadInterrupts
                0x0000000008001e20        0x8 Drivers/STM32F1xx_HAL_Driver/Src/stm32f1xx_ll_usb.o
                0x0000000008001e20                USB_ReadInterrupts
 .text.USB_EP0_OutStart
                0x0000000008001e28        0x4 Drivers/STM32F1xx_HAL_Driver/Src/stm32f1xx_ll_usb.o
                0x0000000008001e28                USB_EP0_OutStart
 .text.USB_WritePMA
                0x0000000008001e2c       0x22 Drivers/STM32F1xx_HAL_Driver/Src/stm32f1xx_ll_usb.o
                0x0000000008001e2c                USB_WritePMA
 *fill*         0x0000000008001e4e        0x2 
 .text.USB_EPStartXfer
                0x0000000008001e50      0x200 Drivers/STM32F1xx_HAL_Driver/Src/stm32f1xx_ll_usb.o
                0x0000000008001e50                USB_EPStartXfer
 .text.USB_ReadPMA
                0x0000000008002050       0x22 Drivers/STM32F1xx_HAL_Driver/Src/stm32f1xx_ll_usb.o
                0x0000000008002050                USB_ReadPMA
 *fill*         0x0000000008002072        0x2 
 .text.USBD_CUSTOM_HID_GetCfgDesc
                0x0000000008002074        0xc Middlewares/ST/STM32_USB_Device_Library/Class/CustomHID/Src/usbd_customhid.o
 .text.USBD_CUSTOM_HID_DataIn
                0x0000000008002080        0xc Middlewares/ST/STM32_USB_Device_Library/Class/CustomHID/Src/usbd_customhid.o
 .text.USBD_CUSTOM_HID_EP0_RxReady
                0x000000000800208c       0x20 Middlewares/ST/STM32_USB_Device_Library/Class/CustomHID/Src/usbd_customhid.o
 .text.USBD_CUSTOM_HID_GetDeviceQualifierDesc
                0x00000000080020ac        0xc Middlewares/ST/STM32_USB_Device_Library/Class/CustomHID/Src/usbd_customhid.o
 .text.USBD_CUSTOM_HID_DataOut
                0x00000000080020b8       0x24 Middlewares/ST/STM32_USB_Device_Library/Class/CustomHID/Src/usbd_customhid.o
 .text.USBD_CUSTOM_HID_Setup
                0x00000000080020dc       0xc0 Middlewares/ST/STM32_USB_Device_Library/Class/CustomHID/Src/usbd_customhid.o
 .text.USBD_CUSTOM_HID_DeInit
                0x000000000800219c       0x32 Middlewares/ST/STM32_USB_Device_Library/Class/CustomHID/Src/usbd_customhid.o
 .text.USBD_CUSTOM_HID_Init
                0x00000000080021ce       0x4a Middlewares/ST/STM32_USB_Device_Library/Class/CustomHID/Src/usbd_customhid.o
 .text.USBD_CUSTOM_HID_SendReport
                0x0000000008002218       0x28 Middlewares/ST/STM32_USB_Device_Library/Class/CustomHID/Src/usbd_customhid.o
                0x0000000008002218                USBD_CUSTOM_HID_SendReport
 .text.USBD_CUSTOM_HID_RegisterInterface
                0x0000000008002240        0xe Middlewares/ST/STM32_USB_Device_Library/Class/CustomHID/Src/usbd_customhid.o
                0x0000000008002240                USBD_CUSTOM_HID_RegisterInterface
 .text.USBD_Init
                0x000000000800224e       0x2a Middlewares/ST/STM32_USB_Device_Library/Core/Src/usbd_core.o
                0x000000000800224e                USBD_Init
 .text.USBD_RegisterClass
                0x0000000008002278        0xe Middlewares/ST/STM32_USB_Device_Library/Core/Src/usbd_core.o
                0x0000000008002278                USBD_RegisterClass
 .text.USBD_Start
                0x0000000008002286        0xa Middlewares/ST/STM32_USB_Device_Library/Core/Src/usbd_core.o
                0x0000000008002286                USBD_Start
 .text.USBD_SetClassConfig
                0x0000000008002290       0x16 Middlewares/ST/STM32_USB_Device_Library/Core/Src/usbd_core.o
                0x0000000008002290                USBD_SetClassConfig
 .text.USBD_ClrClassConfig
                0x00000000080022a6        0xe Middlewares/ST/STM32_USB_Device_Library/Core/Src/usbd_core.o
                0x00000000080022a6                USBD_ClrClassConfig
 .text.USBD_LL_SetupStage
                0x00000000080022b4       0x5a Middlewares/ST/STM32_USB_Device_Library/Core/Src/usbd_core.o
                0x00000000080022b4                USBD_LL_SetupStage
 .text.USBD_LL_DataOutStage
                0x000000000800230e       0x64 Middlewares/ST/STM32_USB_Device_Library/Core/Src/usbd_core.o
                0x000000000800230e                USBD_LL_DataOutStage
 .text.USBD_LL_DataInStage
                0x0000000008002372       0x9e Middlewares/ST/STM32_USB_Device_Library/Core/Src/usbd_core.o
                0x0000000008002372                USBD_LL_DataInStage
 .text.USBD_LL_Reset
                0x0000000008002410       0x3e Middlewares/ST/STM32_USB_Device_Library/Core/Src/usbd_core.o
                0x0000000008002410                USBD_LL_Reset
 .text.USBD_LL_SetSpeed
                0x000000000800244e        0x6 Middlewares/ST/STM32_USB_Device_Library/Core/Src/usbd_core.o
                0x000000000800244e                USBD_LL_SetSpeed
 .text.USBD_LL_Suspend
                0x0000000008002454       0x12 Middlewares/ST/STM32_USB_Device_Library/Core/Src/usbd_core.o
                0x0000000008002454                USBD_LL_Suspend
 .text.USBD_LL_Resume
                0x0000000008002466        0xc Middlewares/ST/STM32_USB_Device_Library/Core/Src/usbd_core.o
                0x0000000008002466                USBD_LL_Resume
 .text.USBD_LL_SOF
                0x0000000008002472       0x18 Middlewares/ST/STM32_USB_Device_Library/Core/Src/usbd_core.o
                0x0000000008002472                USBD_LL_SOF
 .text.USBD_CtlError.constprop.0
                0x000000000800248a       0x16 Middlewares/ST/STM32_USB_Device_Library/Core/Src/usbd_ctlreq.o
 .text.USBD_StdDevReq
                0x00000000080024a0      0x204 Middlewares/ST/STM32_USB_Device_Library/Core/Src/usbd_ctlreq.o
                0x00000000080024a0                USBD_StdDevReq
 .text.USBD_StdItfReq
                0x00000000080026a4       0x30 Middlewares/ST/STM32_USB_Device_Library/Core/Src/usbd_ctlreq.o
                0x00000000080026a4                USBD_StdItfReq
 .text.USBD_StdEPReq
                0x00000000080026d4       0xc6 Middlewares/ST/STM32_USB_Device_Library/Core/Src/usbd_ctlreq.o
                0x00000000080026d4                USBD_StdEPReq
 .text.USBD_ParseSetupRequest
                0x000000000800279a       0x28 Middlewares/ST/STM32_USB_Device_Library/Core/Src/usbd_ctlreq.o
                0x000000000800279a                USBD_ParseSetupRequest
 .text.USBD_CtlError
                0x00000000080027c2       0x16 Middlewares/ST/STM32_USB_Device_Library/Core/Src/usbd_ctlreq.o
                0x00000000080027c2                USBD_CtlError
 .text.USBD_GetString
                0x00000000080027d8       0x38 Middlewares/ST/STM32_USB_Device_Library/Core/Src/usbd_ctlreq.o
                0x00000000080027d8                USBD_GetString
 .text.USBD_CtlSendData
                0x0000000008002810       0x1a Middlewares/ST/STM32_USB_Device_Library/Core/Src/usbd_ioreq.o
                0x0000000008002810                USBD_CtlSendData
 .text.USBD_CtlContinueSendData
                0x000000000800282a       0x10 Middlewares/ST/STM32_USB_Device_Library/Core/Src/usbd_ioreq.o
                0x000000000800282a                USBD_CtlContinueSendData
 .text.USBD_CtlPrepareRx
                0x000000000800283a       0x1e Middlewares/ST/STM32_USB_Device_Library/Core/Src/usbd_ioreq.o
                0x000000000800283a                USBD_CtlPrepareRx
 .text.USBD_CtlContinueRx
                0x0000000008002858       0x10 Middlewares/ST/STM32_USB_Device_Library/Core/Src/usbd_ioreq.o
                0x0000000008002858                USBD_CtlContinueRx
 .text.USBD_CtlSendStatus
                0x0000000008002868       0x16 Middlewares/ST/STM32_USB_Device_Library/Core/Src/usbd_ioreq.o
                0x0000000008002868                USBD_CtlSendStatus
 .text.USBD_CtlReceiveStatus
                0x000000000800287e       0x16 Middlewares/ST/STM32_USB_Device_Library/Core/Src/usbd_ioreq.o
                0x000000000800287e                USBD_CtlReceiveStatus
 .text.SystemClock_Config
                0x0000000008002894       0x84 Src/main.o
                0x0000000008002894                SystemClock_Config
 .text.ADCChangeChannel
                0x0000000008002918       0x24 Src/main.o
                0x0000000008002918                ADCChangeChannel
 .text.ADCNext  0x000000000800293c       0x2c Src/main.o
                0x000000000800293c                ADCNext
 .text.startup.main
                0x0000000008002968      0x204 Src/main.o
                0x0000000008002968                main
 .text._Error_Handler
                0x0000000008002b6c        0x2 Src/main.o
                0x0000000008002b6c                _Error_Handler
 *fill*         0x0000000008002b6e        0x2 
 .text.HAL_MspInit
                0x0000000008002b70       0x90 Src/stm32f1xx_hal_msp.o
                0x0000000008002b70                HAL_MspInit
 .text.HAL_ADC_MspInit
                0x0000000008002c00       0x50 Src/stm32f1xx_hal_msp.o
                0x0000000008002c00                HAL_ADC_MspInit
 .text.NMI_Handler
                0x0000000008002c50        0x2 Src/stm32f1xx_it.o
                0x0000000008002c50                NMI_Handler
 .text.HardFault_Handler
                0x0000000008002c52        0x2 Src/stm32f1xx_it.o
                0x0000000008002c52                HardFault_Handler
 .text.MemManage_Handler
                0x0000000008002c54        0x2 Src/stm32f1xx_it.o
                0x0000000008002c54                MemManage_Handler
 .text.BusFault_Handler
                0x0000000008002c56        0x2 Src/stm32f1xx_it.o
                0x0000000008002c56                BusFault_Handler
 .text.UsageFault_Handler
                0x0000000008002c58        0x2 Src/stm32f1xx_it.o
                0x0000000008002c58                UsageFault_Handler
 .text.SVC_Handler
                0x0000000008002c5a        0x2 Src/stm32f1xx_it.o
                0x0000000008002c5a                SVC_Handler
 .text.DebugMon_Handler
                0x0000000008002c5c        0x2 Src/stm32f1xx_it.o
                0x0000000008002c5c                DebugMon_Handler
 .text.PendSV_Handler
                0x0000000008002c5e        0x2 Src/stm32f1xx_it.o
                0x0000000008002c5e                PendSV_Handler
 .text.SysTick_Handler
                0x0000000008002c60        0xe Src/stm32f1xx_it.o
                0x0000000008002c60                SysTick_Handler
 *fill*         0x0000000008002c6e        0x2 
 .text.USB_LP_CAN1_RX0_IRQHandler
                0x0000000008002c70        0xc Src/stm32f1xx_it.o
                0x0000000008002c70                USB_LP_CAN1_RX0_IRQHandler
 .text.SystemInit
                0x0000000008002c7c       0x4c Src/system_stm32f1xx.o
                0x0000000008002c7c                SystemInit
 .text.MX_USB_DEVICE_Init
                0x0000000008002cc8       0x38 Src/usb_device.o
                0x0000000008002cc8                MX_USB_DEVICE_Init
 .text.HAL_PCD_MspInit
                0x0000000008002d00       0x3c Src/usbd_conf.o
                0x0000000008002d00                HAL_PCD_MspInit
 .text.HAL_PCD_SetupStageCallback
                0x0000000008002d3c        0xc Src/usbd_conf.o
                0x0000000008002d3c                HAL_PCD_SetupStageCallback
 .text.HAL_PCD_DataOutStageCallback
                0x0000000008002d48       0x10 Src/usbd_conf.o
                0x0000000008002d48                HAL_PCD_DataOutStageCallback
 .text.HAL_PCD_DataInStageCallback
                0x0000000008002d58        0xe Src/usbd_conf.o
                0x0000000008002d58                HAL_PCD_DataInStageCallback
 .text.HAL_PCD_SOFCallback
                0x0000000008002d66        0x8 Src/usbd_conf.o
                0x0000000008002d66                HAL_PCD_SOFCallback
 .text.HAL_PCD_ResetCallback
                0x0000000008002d6e       0x1a Src/usbd_conf.o
                0x0000000008002d6e                HAL_PCD_ResetCallback
 .text.HAL_PCD_SuspendCallback
                0x0000000008002d88       0x20 Src/usbd_conf.o
                0x0000000008002d88                HAL_PCD_SuspendCallback
 .text.HAL_PCD_ResumeCallback
                0x0000000008002da8        0x8 Src/usbd_conf.o
                0x0000000008002da8                HAL_PCD_ResumeCallback
 .text.USBD_LL_Init
                0x0000000008002db0       0x7c Src/usbd_conf.o
                0x0000000008002db0                USBD_LL_Init
 .text.USBD_LL_Start
                0x0000000008002e2c       0x1c Src/usbd_conf.o
                0x0000000008002e2c                USBD_LL_Start
 .text.USBD_LL_OpenEP
                0x0000000008002e48       0x20 Src/usbd_conf.o
                0x0000000008002e48                USBD_LL_OpenEP
 .text.USBD_LL_CloseEP
                0x0000000008002e68       0x1c Src/usbd_conf.o
                0x0000000008002e68                USBD_LL_CloseEP
 .text.USBD_LL_StallEP
                0x0000000008002e84       0x1c Src/usbd_conf.o
                0x0000000008002e84                USBD_LL_StallEP
 .text.USBD_LL_ClearStallEP
                0x0000000008002ea0       0x1c Src/usbd_conf.o
                0x0000000008002ea0                USBD_LL_ClearStallEP
 .text.USBD_LL_IsStallEP
                0x0000000008002ebc       0x20 Src/usbd_conf.o
                0x0000000008002ebc                USBD_LL_IsStallEP
 .text.USBD_LL_SetUSBAddress
                0x0000000008002edc       0x1c Src/usbd_conf.o
                0x0000000008002edc                USBD_LL_SetUSBAddress
 .text.USBD_LL_Transmit
                0x0000000008002ef8       0x1c Src/usbd_conf.o
                0x0000000008002ef8                USBD_LL_Transmit
 .text.USBD_LL_PrepareReceive
                0x0000000008002f14       0x1c Src/usbd_conf.o
                0x0000000008002f14                USBD_LL_PrepareReceive
 .text.USBD_static_malloc
                0x0000000008002f30        0x8 Src/usbd_conf.o
                0x0000000008002f30                USBD_static_malloc
 .text.USBD_static_free
                0x0000000008002f38        0x2 Src/usbd_conf.o
                0x0000000008002f38                USBD_static_free
 .text.HAL_PCDEx_SetConnectionState
                0x0000000008002f3a        0x2 Src/usbd_conf.o
                0x0000000008002f3a                HAL_PCDEx_SetConnectionState
 .text.CUSTOM_HID_DeInit_FS
                0x0000000008002f3c        0x4 Src/usbd_custom_hid_if.o
 .text.CUSTOM_HID_OutEvent_FS
                0x0000000008002f40        0x4 Src/usbd_custom_hid_if.o
 .text.CUSTOM_HID_Init_FS
                0x0000000008002f44        0x4 Src/usbd_custom_hid_if.o
 .text.USBD_FS_DeviceDescriptor
                0x0000000008002f48        0xc Src/usbd_desc.o
                0x0000000008002f48                USBD_FS_DeviceDescriptor
 .text.USBD_FS_LangIDStrDescriptor
                0x0000000008002f54        0xc Src/usbd_desc.o
                0x0000000008002f54                USBD_FS_LangIDStrDescriptor
 .text.USBD_FS_ManufacturerStrDescriptor
                0x0000000008002f60       0x1c Src/usbd_desc.o
                0x0000000008002f60                USBD_FS_ManufacturerStrDescriptor
 .text.USBD_FS_ProductStrDescriptor
                0x0000000008002f7c       0x1c Src/usbd_desc.o
                0x0000000008002f7c                USBD_FS_ProductStrDescriptor
 .text.USBD_FS_SerialStrDescriptor
                0x0000000008002f98       0x1c Src/usbd_desc.o
                0x0000000008002f98                USBD_FS_SerialStrDescriptor
 .text.USBD_FS_ConfigStrDescriptor
                0x0000000008002fb4       0x1c Src/usbd_desc.o
                0x0000000008002fb4                USBD_FS_ConfigStrDescriptor
 .text.USBD_FS_InterfaceStrDescriptor
                0x0000000008002fd0       0x1c Src/usbd_desc.o
                0x0000000008002fd0                USBD_FS_InterfaceStrDescriptor
 .text.Reset_Handler
                0x0000000008002fec       0x48 startup/startup_stm32f103xb.o
                0x0000000008002fec                Reset_Handler
 .text.Default_Handler
                0x0000000008003034        0x2 startup/startup_stm32f103xb.o
                0x0000000008003034                RTC_Alarm_IRQHandler
                0x0000000008003034                EXTI2_IRQHandler
                0x0000000008003034                TIM1_CC_IRQHandler
                0x0000000008003034                PVD_IRQHandler
                0x0000000008003034                EXTI3_IRQHandler
                0x0000000008003034                EXTI0_IRQHandler
                0x0000000008003034                I2C2_EV_IRQHandler
                0x0000000008003034                ADC1_2_IRQHandler
                0x0000000008003034                SPI1_IRQHandler
                0x0000000008003034                TAMPER_IRQHandler
                0x0000000008003034                DMA1_Channel4_IRQHandler
                0x0000000008003034                USART3_IRQHandler
                0x0000000008003034                RTC_IRQHandler
                0x0000000008003034                DMA1_Channel7_IRQHandler
                0x0000000008003034                CAN1_RX1_IRQHandler
                0x0000000008003034                TIM4_IRQHandler
                0x0000000008003034                I2C1_EV_IRQHandler
                0x0000000008003034                DMA1_Channel6_IRQHandler
                0x0000000008003034                TIM3_IRQHandler
                0x0000000008003034                RCC_IRQHandler
                0x0000000008003034                TIM1_TRG_COM_IRQHandler
                0x0000000008003034                DMA1_Channel1_IRQHandler
                0x0000000008003034                Default_Handler
                0x0000000008003034                EXTI15_10_IRQHandler
                0x0000000008003034                EXTI9_5_IRQHandler
                0x0000000008003034                SPI2_IRQHandler
                0x0000000008003034                DMA1_Channel5_IRQHandler
                0x0000000008003034                EXTI4_IRQHandler
                0x0000000008003034                USB_HP_CAN1_TX_IRQHandler
                0x0000000008003034                DMA1_Channel3_IRQHandler
                0x0000000008003034                TIM1_UP_IRQHandler
                0x0000000008003034                WWDG_IRQHandler
                0x0000000008003034                TIM2_IRQHandler
                0x0000000008003034                TIM1_BRK_IRQHandler
                0x0000000008003034                EXTI1_IRQHandler
                0x0000000008003034                USART2_IRQHandler
                0x0000000008003034                I2C2_ER_IRQHandler
                0x0000000008003034                DMA1_Channel2_IRQHandler
                0x0000000008003034                CAN1_SCE_IRQHandler
                0x0000000008003034                FLASH_IRQHandler
                0x0000000008003034                USART1_IRQHandler
                0x0000000008003034                I2C1_ER_IRQHandler
                0x0000000008003034                USBWakeUp_IRQHandler
 *fill*         0x0000000008003036        0x2 
 .text.__libc_init_array
                0x0000000008003038       0x48 /opt/Atollic_TrueSTUDIO_for_ARM_x86_64_8.0.0/ARMTools/bin/../lib/gcc/arm-atollic-eabi/6.3.1/../../../../arm-atollic-eabi/lib/armv7-m/libc_nano.a(lib_a-init.o)
                0x0000000008003038                __libc_init_array
 *(.glue_7)
 .glue_7        0x0000000008003080        0x0 linker stubs
 *(.glue_7t)
 .glue_7t       0x0000000008003080        0x0 linker stubs
 *(.eh_frame)
 .eh_frame      0x0000000008003080        0x0 /opt/Atollic_TrueSTUDIO_for_ARM_x86_64_8.0.0/ARMTools/bin/../lib/gcc/arm-atollic-eabi/6.3.1/armv7-m/crtbegin.o
 *(.init)
 .init          0x0000000008003080        0x4 /opt/Atollic_TrueSTUDIO_for_ARM_x86_64_8.0.0/ARMTools/bin/../lib/gcc/arm-atollic-eabi/6.3.1/armv7-m/crti.o
                0x0000000008003080                _init
 .init          0x0000000008003084        0x8 /opt/Atollic_TrueSTUDIO_for_ARM_x86_64_8.0.0/ARMTools/bin/../lib/gcc/arm-atollic-eabi/6.3.1/armv7-m/crtn.o
 *(.fini)
 .fini          0x000000000800308c        0x4 /opt/Atollic_TrueSTUDIO_for_ARM_x86_64_8.0.0/ARMTools/bin/../lib/gcc/arm-atollic-eabi/6.3.1/armv7-m/crti.o
                0x000000000800308c                _fini
 .fini          0x0000000008003090        0x8 /opt/Atollic_TrueSTUDIO_for_ARM_x86_64_8.0.0/ARMTools/bin/../lib/gcc/arm-atollic-eabi/6.3.1/armv7-m/crtn.o
                0x0000000008003098                . = ALIGN (0x4)
                0x0000000008003098                _etext = .

.vfp11_veneer   0x0000000008003098        0x0
 .vfp11_veneer  0x0000000008003098        0x0 linker stubs

.v4_bx          0x0000000008003098        0x0
 .v4_bx         0x0000000008003098        0x0 linker stubs

.iplt           0x0000000008003098        0x0
 .iplt          0x0000000008003098        0x0 /opt/Atollic_TrueSTUDIO_for_ARM_x86_64_8.0.0/ARMTools/bin/../lib/gcc/arm-atollic-eabi/6.3.1/armv7-m/crtbegin.o

.rodata         0x0000000008003098       0xcc
                0x0000000008003098                . = ALIGN (0x4)
 *(.rodata)
 .rodata        0x0000000008003098       0x10 Drivers/STM32F1xx_HAL_Driver/Src/stm32f1xx_hal_rcc.o
 .rodata        0x00000000080030a8       0x10 Drivers/STM32F1xx_HAL_Driver/Src/stm32f1xx_hal_rcc_ex.o
 .rodata        0x00000000080030b8       0x18 Src/main.o
 *(.rodata*)
 .rodata.AHBPrescTable
                0x00000000080030d0       0x10 Src/system_stm32f1xx.o
                0x00000000080030d0                AHBPrescTable
 .rodata.APBPrescTable
                0x00000000080030e0        0x8 Src/system_stm32f1xx.o
                0x00000000080030e0                APBPrescTable
 .rodata.CSWTCH.39
                0x00000000080030e8        0x4 Src/usbd_conf.o
 .rodata.USBD_LL_Init.str1.1
                0x00000000080030ec       0x13 Src/usbd_conf.o
 .rodata.USBD_FS_ConfigStrDescriptor.str1.1
                0x00000000080030ff       0x12 Src/usbd_desc.o
 .rodata.USBD_FS_InterfaceStrDescriptor.str1.1
                0x0000000008003111       0x15 Src/usbd_desc.o
 .rodata.USBD_FS_ManufacturerStrDescriptor.str1.1
                0x0000000008003126       0x13 Src/usbd_desc.o
 .rodata.USBD_FS_ProductStrDescriptor.str1.1
                0x0000000008003139       0x1d Src/usbd_desc.o
 .rodata.USBD_FS_SerialStrDescriptor.str1.1
                0x0000000008003156        0xd Src/usbd_desc.o
                0x0000000008003164                . = ALIGN (0x4)
 *fill*         0x0000000008003163        0x1 

.rel.dyn        0x0000000008003164        0x0
 .rel.iplt      0x0000000008003164        0x0 /opt/Atollic_TrueSTUDIO_for_ARM_x86_64_8.0.0/ARMTools/bin/../lib/gcc/arm-atollic-eabi/6.3.1/armv7-m/crtbegin.o

.ARM.extab
 *(.ARM.extab* .gnu.linkonce.armextab.*)

.ARM            0x0000000008003164        0x0
                0x0000000008003164                __exidx_start = .
 *(.ARM.exidx*)
                0x0000000008003164                __exidx_end = .

.preinit_array  0x0000000008003164        0x0
                0x0000000008003164                PROVIDE (__preinit_array_start, .)
 *(.preinit_array*)
                0x0000000008003164                PROVIDE (__preinit_array_end, .)

.init_array     0x0000000008003164        0x4
                0x0000000008003164                PROVIDE (__init_array_start, .)
 *(SORT(.init_array.*))
 *(.init_array*)
 .init_array    0x0000000008003164        0x4 /opt/Atollic_TrueSTUDIO_for_ARM_x86_64_8.0.0/ARMTools/bin/../lib/gcc/arm-atollic-eabi/6.3.1/armv7-m/crtbegin.o
                0x0000000008003168                PROVIDE (__init_array_end, .)

.fini_array     0x0000000008003168        0x4
                [!provide]                        PROVIDE (__fini_array_start, .)
 *(SORT(.fini_array.*))
 *(.fini_array*)
 .fini_array    0x0000000008003168        0x4 /opt/Atollic_TrueSTUDIO_for_ARM_x86_64_8.0.0/ARMTools/bin/../lib/gcc/arm-atollic-eabi/6.3.1/armv7-m/crtbegin.o
                [!provide]                        PROVIDE (__fini_array_end, .)
                0x000000000800316c                _sidata = LOADADDR (.data)

.data           0x0000000020000000      0x130 load address 0x000000000800316c
                0x0000000020000000                . = ALIGN (0x4)
                0x0000000020000000                _sdata = .
 *(.data)
 *(.data*)
 .data.USBD_CUSTOM_HID
                0x0000000020000000       0x3c Middlewares/ST/STM32_USB_Device_Library/Class/CustomHID/Src/usbd_customhid.o
                0x0000000020000000                USBD_CUSTOM_HID
 .data.USBD_CUSTOM_HID_CfgDesc
                0x000000002000003c       0x29 Middlewares/ST/STM32_USB_Device_Library/Class/CustomHID/Src/usbd_customhid.o
 *fill*         0x0000000020000065        0x3 
 .data.USBD_CUSTOM_HID_Desc
                0x0000000020000068        0x9 Middlewares/ST/STM32_USB_Device_Library/Class/CustomHID/Src/usbd_customhid.o
 *fill*         0x0000000020000071        0x3 
 .data.USBD_CUSTOM_HID_DeviceQualifierDesc
                0x0000000020000074        0xa Middlewares/ST/STM32_USB_Device_Library/Class/CustomHID/Src/usbd_customhid.o
 *fill*         0x000000002000007e        0x2 
 .data.SystemCoreClock
                0x0000000020000080        0x4 Src/system_stm32f1xx.o
                0x0000000020000080                SystemCoreClock
 .data.CUSTOM_HID_ReportDesc_FS
                0x0000000020000084       0x65 Src/usbd_custom_hid_if.o
 *fill*         0x00000000200000e9        0x3 
 .data.USBD_CustomHID_fops_FS
                0x00000000200000ec       0x10 Src/usbd_custom_hid_if.o
                0x00000000200000ec                USBD_CustomHID_fops_FS
 .data.FS_Desc  0x00000000200000fc       0x1c Src/usbd_desc.o
                0x00000000200000fc                FS_Desc
 .data.USBD_FS_DeviceDesc
                0x0000000020000118       0x12 Src/usbd_desc.o
                0x0000000020000118                USBD_FS_DeviceDesc
 *fill*         0x000000002000012a        0x2 
 .data.USBD_LangIDDesc
                0x000000002000012c        0x4 Src/usbd_desc.o
                0x000000002000012c                USBD_LangIDDesc
                0x0000000020000130                . = ALIGN (0x4)
                0x0000000020000130                _edata = .

.igot.plt       0x0000000020000130        0x0 load address 0x000000000800329c
 .igot.plt      0x0000000020000130        0x0 /opt/Atollic_TrueSTUDIO_for_ARM_x86_64_8.0.0/ARMTools/bin/../lib/gcc/arm-atollic-eabi/6.3.1/armv7-m/crtbegin.o
                0x0000000020000130                . = ALIGN (0x4)

.bss            0x0000000020000130      0x950 load address 0x000000000800329c
                0x0000000020000130                _sbss = .
                0x0000000020000130                __bss_start__ = _sbss
 *(.bss)
 .bss           0x0000000020000130       0x1c /opt/Atollic_TrueSTUDIO_for_ARM_x86_64_8.0.0/ARMTools/bin/../lib/gcc/arm-atollic-eabi/6.3.1/armv7-m/crtbegin.o
 *(.bss*)
 .bss.cfgidx.7626
                0x000000002000014c        0x1 Middlewares/ST/STM32_USB_Device_Library/Core/Src/usbd_ctlreq.o
 *fill*         0x000000002000014d        0x3 
 .bss.adc_current.7417
                0x0000000020000150        0x4 Src/main.o
 .bss.adc_num.7418
                0x0000000020000154        0x1 Src/main.o
 *fill*         0x0000000020000155        0x3 
 .bss.adc_temp.7416
                0x0000000020000158       0x18 Src/main.o
 .bss.mem.7765  0x0000000020000170       0x58 Src/usbd_conf.o
 *(COMMON)
 COMMON         0x00000000200001c8        0x4 Drivers/STM32F1xx_HAL_Driver/Src/stm32f1xx_hal.o
                0x00000000200001c8                uwTick
 COMMON         0x00000000200001cc       0x30 Src/main.o
                0x00000000200001cc                hadc1
 COMMON         0x00000000200001fc      0x224 Src/usb_device.o
                0x00000000200001fc                hUsbDeviceFS
 COMMON         0x0000000020000420      0x460 Src/usbd_conf.o
                0x0000000020000420                hpcd_USB_FS
 COMMON         0x0000000020000880      0x200 Src/usbd_desc.o
                0x0000000020000880                USBD_StrDesc
                0x0000000020000a80                . = ALIGN (0x4)
                0x0000000020000a80                _ebss = .
                0x0000000020000a80                __bss_end__ = _ebss

._user_heap_stack
                0x0000000020000a80      0x600 load address 0x000000000800329c
                0x0000000020000a80                . = ALIGN (0x4)
                [!provide]                        PROVIDE (end, .)
                [!provide]                        PROVIDE (_end, .)
                0x0000000020000c80                . = (. + _Min_Heap_Size)
 *fill*         0x0000000020000a80      0x200 
                0x0000000020001080                . = (. + _Min_Stack_Size)
 *fill*         0x0000000020000c80      0x400 
                0x0000000020001080                . = ALIGN (0x4)

/DISCARD/
 libc.a(*)
 libm.a(*)
 libgcc.a(*)

.ARM.attributes
                0x0000000000000000       0x29
 *(.ARM.attributes)
 .ARM.attributes
                0x0000000000000000       0x1d /opt/Atollic_TrueSTUDIO_for_ARM_x86_64_8.0.0/ARMTools/bin/../lib/gcc/arm-atollic-eabi/6.3.1/armv7-m/crti.o
 .ARM.attributes
                0x000000000000001d       0x2d /opt/Atollic_TrueSTUDIO_for_ARM_x86_64_8.0.0/ARMTools/bin/../lib/gcc/arm-atollic-eabi/6.3.1/armv7-m/crtbegin.o
 .ARM.attributes
                0x000000000000004a       0x33 Drivers/STM32F1xx_HAL_Driver/Src/stm32f1xx_hal.o
 .ARM.attributes
                0x000000000000007d       0x33 Drivers/STM32F1xx_HAL_Driver/Src/stm32f1xx_hal_adc.o
 .ARM.attributes
                0x00000000000000b0       0x33 Drivers/STM32F1xx_HAL_Driver/Src/stm32f1xx_hal_cortex.o
 .ARM.attributes
                0x00000000000000e3       0x33 Drivers/STM32F1xx_HAL_Driver/Src/stm32f1xx_hal_gpio.o
 .ARM.attributes
                0x0000000000000116       0x33 Drivers/STM32F1xx_HAL_Driver/Src/stm32f1xx_hal_pcd.o
 .ARM.attributes
                0x0000000000000149       0x33 Drivers/STM32F1xx_HAL_Driver/Src/stm32f1xx_hal_pcd_ex.o
 .ARM.attributes
                0x000000000000017c       0x33 Drivers/STM32F1xx_HAL_Driver/Src/stm32f1xx_hal_rcc.o
 .ARM.attributes
                0x00000000000001af       0x33 Drivers/STM32F1xx_HAL_Driver/Src/stm32f1xx_hal_rcc_ex.o
 .ARM.attributes
                0x00000000000001e2       0x33 Drivers/STM32F1xx_HAL_Driver/Src/stm32f1xx_ll_usb.o
 .ARM.attributes
                0x0000000000000215       0x33 Middlewares/ST/STM32_USB_Device_Library/Class/CustomHID/Src/usbd_customhid.o
 .ARM.attributes
                0x0000000000000248       0x33 Middlewares/ST/STM32_USB_Device_Library/Core/Src/usbd_core.o
 .ARM.attributes
                0x000000000000027b       0x33 Middlewares/ST/STM32_USB_Device_Library/Core/Src/usbd_ctlreq.o
 .ARM.attributes
                0x00000000000002ae       0x33 Middlewares/ST/STM32_USB_Device_Library/Core/Src/usbd_ioreq.o
 .ARM.attributes
                0x00000000000002e1       0x33 Src/main.o
 .ARM.attributes
                0x0000000000000314       0x33 Src/stm32f1xx_hal_msp.o
 .ARM.attributes
                0x0000000000000347       0x33 Src/stm32f1xx_it.o
 .ARM.attributes
                0x000000000000037a       0x33 Src/system_stm32f1xx.o
 .ARM.attributes
                0x00000000000003ad       0x33 Src/usb_device.o
 .ARM.attributes
                0x00000000000003e0       0x33 Src/usbd_conf.o
 .ARM.attributes
                0x0000000000000413       0x33 Src/usbd_custom_hid_if.o
 .ARM.attributes
                0x0000000000000446       0x33 Src/usbd_desc.o
 .ARM.attributes
                0x0000000000000479       0x21 startup/startup_stm32f103xb.o
 .ARM.attributes
                0x000000000000049a       0x2d /opt/Atollic_TrueSTUDIO_for_ARM_x86_64_8.0.0/ARMTools/bin/../lib/gcc/arm-atollic-eabi/6.3.1/../../../../arm-atollic-eabi/lib/armv7-m/libc_nano.a(lib_a-init.o)
 .ARM.attributes
                0x00000000000004c7       0x1d /opt/Atollic_TrueSTUDIO_for_ARM_x86_64_8.0.0/ARMTools/bin/../lib/gcc/arm-atollic-eabi/6.3.1/armv7-m/crtn.o
OUTPUT(hidcontroller.elf elf32-littlearm)

.debug_info     0x0000000000000000    0x184d0
 .debug_info    0x0000000000000000      0xece Drivers/STM32F1xx_HAL_Driver/Src/stm32f1xx_hal.o
 .debug_info    0x0000000000000ece     0x165b Drivers/STM32F1xx_HAL_Driver/Src/stm32f1xx_hal_adc.o
 .debug_info    0x0000000000002529     0x1463 Drivers/STM32F1xx_HAL_Driver/Src/stm32f1xx_hal_cortex.o
 .debug_info    0x000000000000398c      0xe7c Drivers/STM32F1xx_HAL_Driver/Src/stm32f1xx_hal_gpio.o
 .debug_info    0x0000000000004808     0x197a Drivers/STM32F1xx_HAL_Driver/Src/stm32f1xx_hal_pcd.o
 .debug_info    0x0000000000006182      0xdfe Drivers/STM32F1xx_HAL_Driver/Src/stm32f1xx_hal_pcd_ex.o
 .debug_info    0x0000000000006f80     0x118f Drivers/STM32F1xx_HAL_Driver/Src/stm32f1xx_hal_rcc.o
 .debug_info    0x000000000000810f      0xc57 Drivers/STM32F1xx_HAL_Driver/Src/stm32f1xx_hal_rcc_ex.o
 .debug_info    0x0000000000008d66     0x1701 Drivers/STM32F1xx_HAL_Driver/Src/stm32f1xx_ll_usb.o
 .debug_info    0x000000000000a467     0x1354 Middlewares/ST/STM32_USB_Device_Library/Class/CustomHID/Src/usbd_customhid.o
 .debug_info    0x000000000000b7bb     0x1466 Middlewares/ST/STM32_USB_Device_Library/Core/Src/usbd_core.o
 .debug_info    0x000000000000cc21     0x14da Middlewares/ST/STM32_USB_Device_Library/Core/Src/usbd_ctlreq.o
 .debug_info    0x000000000000e0fb      0xff0 Middlewares/ST/STM32_USB_Device_Library/Core/Src/usbd_ioreq.o
 .debug_info    0x000000000000f0eb     0x1c5a Src/main.o
 .debug_info    0x0000000000010d45     0x1238 Src/stm32f1xx_hal_msp.o
 .debug_info    0x0000000000011f7d      0xe14 Src/stm32f1xx_it.o
 .debug_info    0x0000000000012d91      0xc07 Src/system_stm32f1xx.o
 .debug_info    0x0000000000013998      0xe86 Src/usb_device.o
 .debug_info    0x000000000001481e     0x2067 Src/usbd_conf.o
 .debug_info    0x0000000000016885      0xe62 Src/usbd_custom_hid_if.o
 .debug_info    0x00000000000176e7      0xd71 Src/usbd_desc.o
 .debug_info    0x0000000000018458       0x78 startup/startup_stm32f103xb.o

.debug_abbrev   0x0000000000000000     0x384e
 .debug_abbrev  0x0000000000000000      0x2c2 Drivers/STM32F1xx_HAL_Driver/Src/stm32f1xx_hal.o
 .debug_abbrev  0x00000000000002c2      0x2fb Drivers/STM32F1xx_HAL_Driver/Src/stm32f1xx_hal_adc.o
 .debug_abbrev  0x00000000000005bd      0x399 Drivers/STM32F1xx_HAL_Driver/Src/stm32f1xx_hal_cortex.o
 .debug_abbrev  0x0000000000000956      0x268 Drivers/STM32F1xx_HAL_Driver/Src/stm32f1xx_hal_gpio.o
 .debug_abbrev  0x0000000000000bbe      0x39a Drivers/STM32F1xx_HAL_Driver/Src/stm32f1xx_hal_pcd.o
 .debug_abbrev  0x0000000000000f58      0x1f5 Drivers/STM32F1xx_HAL_Driver/Src/stm32f1xx_hal_pcd_ex.o
 .debug_abbrev  0x000000000000114d      0x354 Drivers/STM32F1xx_HAL_Driver/Src/stm32f1xx_hal_rcc.o
 .debug_abbrev  0x00000000000014a1      0x277 Drivers/STM32F1xx_HAL_Driver/Src/stm32f1xx_hal_rcc_ex.o
 .debug_abbrev  0x0000000000001718      0x31c Drivers/STM32F1xx_HAL_Driver/Src/stm32f1xx_ll_usb.o
 .debug_abbrev  0x0000000000001a34      0x2ce Middlewares/ST/STM32_USB_Device_Library/Class/CustomHID/Src/usbd_customhid.o
 .debug_abbrev  0x0000000000001d02      0x308 Middlewares/ST/STM32_USB_Device_Library/Core/Src/usbd_core.o
 .debug_abbrev  0x000000000000200a      0x3aa Middlewares/ST/STM32_USB_Device_Library/Core/Src/usbd_ctlreq.o
 .debug_abbrev  0x00000000000023b4      0x1da Middlewares/ST/STM32_USB_Device_Library/Core/Src/usbd_ioreq.o
 .debug_abbrev  0x000000000000258e      0x341 Src/main.o
 .debug_abbrev  0x00000000000028cf      0x223 Src/stm32f1xx_hal_msp.o
 .debug_abbrev  0x0000000000002af2      0x21e Src/stm32f1xx_it.o
 .debug_abbrev  0x0000000000002d10      0x1eb Src/system_stm32f1xx.o
 .debug_abbrev  0x0000000000002efb      0x1e0 Src/usb_device.o
 .debug_abbrev  0x00000000000030db      0x2ea Src/usbd_conf.o
 .debug_abbrev  0x00000000000033c5      0x205 Src/usbd_custom_hid_if.o
 .debug_abbrev  0x00000000000035ca      0x272 Src/usbd_desc.o
 .debug_abbrev  0x000000000000383c       0x12 startup/startup_stm32f103xb.o

.debug_loc      0x0000000000000000     0x5026
 .debug_loc     0x0000000000000000       0x69 Drivers/STM32F1xx_HAL_Driver/Src/stm32f1xx_hal.o
 .debug_loc     0x0000000000000069      0x873 Drivers/STM32F1xx_HAL_Driver/Src/stm32f1xx_hal_adc.o
 .debug_loc     0x00000000000008dc      0x46b Drivers/STM32F1xx_HAL_Driver/Src/stm32f1xx_hal_cortex.o
 .debug_loc     0x0000000000000d47      0x36a Drivers/STM32F1xx_HAL_Driver/Src/stm32f1xx_hal_gpio.o
 .debug_loc     0x00000000000010b1      0x995 Drivers/STM32F1xx_HAL_Driver/Src/stm32f1xx_hal_pcd.o
 .debug_loc     0x0000000000001a46       0xe0 Drivers/STM32F1xx_HAL_Driver/Src/stm32f1xx_hal_pcd_ex.o
 .debug_loc     0x0000000000001b26      0x404 Drivers/STM32F1xx_HAL_Driver/Src/stm32f1xx_hal_rcc.o
 .debug_loc     0x0000000000001f2a      0x29d Drivers/STM32F1xx_HAL_Driver/Src/stm32f1xx_hal_rcc_ex.o
 .debug_loc     0x00000000000021c7      0xb9c Drivers/STM32F1xx_HAL_Driver/Src/stm32f1xx_ll_usb.o
 .debug_loc     0x0000000000002d63      0x4fb Middlewares/ST/STM32_USB_Device_Library/Class/CustomHID/Src/usbd_customhid.o
 .debug_loc     0x000000000000325e      0x5f2 Middlewares/ST/STM32_USB_Device_Library/Core/Src/usbd_core.o
 .debug_loc     0x0000000000003850      0x804 Middlewares/ST/STM32_USB_Device_Library/Core/Src/usbd_ctlreq.o
 .debug_loc     0x0000000000004054      0x23c Middlewares/ST/STM32_USB_Device_Library/Core/Src/usbd_ioreq.o
 .debug_loc     0x0000000000004290       0x83 Src/main.o
 .debug_loc     0x0000000000004313       0x4d Src/stm32f1xx_hal_msp.o
 .debug_loc     0x0000000000004360       0xcd Src/system_stm32f1xx.o
 .debug_loc     0x000000000000442d      0x965 Src/usbd_conf.o
 .debug_loc     0x0000000000004d92       0x21 Src/usbd_custom_hid_if.o
 .debug_loc     0x0000000000004db3      0x273 Src/usbd_desc.o

.debug_aranges  0x0000000000000000      0x948
 .debug_aranges
                0x0000000000000000       0xb0 Drivers/STM32F1xx_HAL_Driver/Src/stm32f1xx_hal.o
 .debug_aranges
                0x00000000000000b0       0xc8 Drivers/STM32F1xx_HAL_Driver/Src/stm32f1xx_hal_adc.o
 .debug_aranges
                0x0000000000000178       0x90 Drivers/STM32F1xx_HAL_Driver/Src/stm32f1xx_hal_cortex.o
 .debug_aranges
                0x0000000000000208       0x58 Drivers/STM32F1xx_HAL_Driver/Src/stm32f1xx_hal_gpio.o
 .debug_aranges
                0x0000000000000260       0xc0 Drivers/STM32F1xx_HAL_Driver/Src/stm32f1xx_hal_pcd.o
 .debug_aranges
                0x0000000000000320       0x28 Drivers/STM32F1xx_HAL_Driver/Src/stm32f1xx_hal_pcd_ex.o
 .debug_aranges
                0x0000000000000348       0x88 Drivers/STM32F1xx_HAL_Driver/Src/stm32f1xx_hal_rcc.o
 .debug_aranges
                0x00000000000003d0       0x30 Drivers/STM32F1xx_HAL_Driver/Src/stm32f1xx_hal_rcc_ex.o
 .debug_aranges
                0x0000000000000400       0xe0 Drivers/STM32F1xx_HAL_Driver/Src/stm32f1xx_ll_usb.o
 .debug_aranges
                0x00000000000004e0       0x68 Middlewares/ST/STM32_USB_Device_Library/Class/CustomHID/Src/usbd_customhid.o
 .debug_aranges
                0x0000000000000548       0xa8 Middlewares/ST/STM32_USB_Device_Library/Core/Src/usbd_core.o
 .debug_aranges
                0x00000000000005f0       0x50 Middlewares/ST/STM32_USB_Device_Library/Core/Src/usbd_ctlreq.o
 .debug_aranges
                0x0000000000000640       0x50 Middlewares/ST/STM32_USB_Device_Library/Core/Src/usbd_ioreq.o
 .debug_aranges
                0x0000000000000690       0x40 Src/main.o
 .debug_aranges
                0x00000000000006d0       0x30 Src/stm32f1xx_hal_msp.o
 .debug_aranges
                0x0000000000000700       0x50 Src/stm32f1xx_it.o
 .debug_aranges
                0x0000000000000750       0x28 Src/system_stm32f1xx.o
 .debug_aranges
                0x0000000000000778       0x20 Src/usb_device.o
 .debug_aranges
                0x0000000000000798      0x110 Src/usbd_conf.o
 .debug_aranges
                0x00000000000008a8       0x28 Src/usbd_custom_hid_if.o
 .debug_aranges
                0x00000000000008d0       0x50 Src/usbd_desc.o
 .debug_aranges
                0x0000000000000920       0x28 startup/startup_stm32f103xb.o

.debug_ranges   0x0000000000000000      0xc60
 .debug_ranges  0x0000000000000000       0xa0 Drivers/STM32F1xx_HAL_Driver/Src/stm32f1xx_hal.o
 .debug_ranges  0x00000000000000a0       0xb8 Drivers/STM32F1xx_HAL_Driver/Src/stm32f1xx_hal_adc.o
 .debug_ranges  0x0000000000000158      0x128 Drivers/STM32F1xx_HAL_Driver/Src/stm32f1xx_hal_cortex.o
 .debug_ranges  0x0000000000000280       0x60 Drivers/STM32F1xx_HAL_Driver/Src/stm32f1xx_hal_gpio.o
 .debug_ranges  0x00000000000002e0      0x118 Drivers/STM32F1xx_HAL_Driver/Src/stm32f1xx_hal_pcd.o
 .debug_ranges  0x00000000000003f8       0x18 Drivers/STM32F1xx_HAL_Driver/Src/stm32f1xx_hal_pcd_ex.o
 .debug_ranges  0x0000000000000410       0xa0 Drivers/STM32F1xx_HAL_Driver/Src/stm32f1xx_hal_rcc.o
 .debug_ranges  0x00000000000004b0       0x40 Drivers/STM32F1xx_HAL_Driver/Src/stm32f1xx_hal_rcc_ex.o
 .debug_ranges  0x00000000000004f0      0x260 Drivers/STM32F1xx_HAL_Driver/Src/stm32f1xx_ll_usb.o
 .debug_ranges  0x0000000000000750       0x58 Middlewares/ST/STM32_USB_Device_Library/Class/CustomHID/Src/usbd_customhid.o
 .debug_ranges  0x00000000000007a8       0x98 Middlewares/ST/STM32_USB_Device_Library/Core/Src/usbd_core.o
 .debug_ranges  0x0000000000000840       0xc0 Middlewares/ST/STM32_USB_Device_Library/Core/Src/usbd_ctlreq.o
 .debug_ranges  0x0000000000000900       0x40 Middlewares/ST/STM32_USB_Device_Library/Core/Src/usbd_ioreq.o
 .debug_ranges  0x0000000000000940       0xb8 Src/main.o
 .debug_ranges  0x00000000000009f8       0x60 Src/stm32f1xx_hal_msp.o
 .debug_ranges  0x0000000000000a58       0x40 Src/stm32f1xx_it.o
 .debug_ranges  0x0000000000000a98       0x18 Src/system_stm32f1xx.o
 .debug_ranges  0x0000000000000ab0       0x10 Src/usb_device.o
 .debug_ranges  0x0000000000000ac0      0x128 Src/usbd_conf.o
 .debug_ranges  0x0000000000000be8       0x18 Src/usbd_custom_hid_if.o
 .debug_ranges  0x0000000000000c00       0x40 Src/usbd_desc.o
 .debug_ranges  0x0000000000000c40       0x20 startup/startup_stm32f103xb.o

.debug_line     0x0000000000000000     0x5bc0
 .debug_line    0x0000000000000000      0x3e5 Drivers/STM32F1xx_HAL_Driver/Src/stm32f1xx_hal.o
 .debug_line    0x00000000000003e5      0x845 Drivers/STM32F1xx_HAL_Driver/Src/stm32f1xx_hal_adc.o
 .debug_line    0x0000000000000c2a      0x40b Drivers/STM32F1xx_HAL_Driver/Src/stm32f1xx_hal_cortex.o
 .debug_line    0x0000000000001035      0x424 Drivers/STM32F1xx_HAL_Driver/Src/stm32f1xx_hal_gpio.o
 .debug_line    0x0000000000001459      0x6c8 Drivers/STM32F1xx_HAL_Driver/Src/stm32f1xx_hal_pcd.o
 .debug_line    0x0000000000001b21      0x2c5 Drivers/STM32F1xx_HAL_Driver/Src/stm32f1xx_hal_pcd_ex.o
 .debug_line    0x0000000000001de6      0x5d8 Drivers/STM32F1xx_HAL_Driver/Src/stm32f1xx_hal_rcc.o
 .debug_line    0x00000000000023be      0x3a5 Drivers/STM32F1xx_HAL_Driver/Src/stm32f1xx_hal_rcc_ex.o
 .debug_line    0x0000000000002763      0x5ee Drivers/STM32F1xx_HAL_Driver/Src/stm32f1xx_ll_usb.o
 .debug_line    0x0000000000002d51      0x481 Middlewares/ST/STM32_USB_Device_Library/Class/CustomHID/Src/usbd_customhid.o
 .debug_line    0x00000000000031d2      0x4c2 Middlewares/ST/STM32_USB_Device_Library/Core/Src/usbd_core.o
 .debug_line    0x0000000000003694      0x443 Middlewares/ST/STM32_USB_Device_Library/Core/Src/usbd_ctlreq.o
 .debug_line    0x0000000000003ad7      0x358 Middlewares/ST/STM32_USB_Device_Library/Core/Src/usbd_ioreq.o
 .debug_line    0x0000000000003e2f      0x4ba Src/main.o
 .debug_line    0x00000000000042e9      0x318 Src/stm32f1xx_hal_msp.o
 .debug_line    0x0000000000004601      0x310 Src/stm32f1xx_it.o
 .debug_line    0x0000000000004911      0x261 Src/system_stm32f1xx.o
 .debug_line    0x0000000000004b72      0x345 Src/usb_device.o
 .debug_line    0x0000000000004eb7      0x628 Src/usbd_conf.o
 .debug_line    0x00000000000054df      0x32c Src/usbd_custom_hid_if.o
 .debug_line    0x000000000000580b      0x338 Src/usbd_desc.o
 .debug_line    0x0000000000005b43       0x7d startup/startup_stm32f103xb.o

.debug_str      0x0000000000000000     0x32a4
 .debug_str     0x0000000000000000      0xb23 Drivers/STM32F1xx_HAL_Driver/Src/stm32f1xx_hal.o
                                        0xbb8 (size before relaxing)
 .debug_str     0x0000000000000b23      0x668 Drivers/STM32F1xx_HAL_Driver/Src/stm32f1xx_hal_adc.o
                                        0xd10 (size before relaxing)
 .debug_str     0x000000000000118b      0x2e1 Drivers/STM32F1xx_HAL_Driver/Src/stm32f1xx_hal_cortex.o
                                        0xd1c (size before relaxing)
 .debug_str     0x000000000000146c      0x1c4 Drivers/STM32F1xx_HAL_Driver/Src/stm32f1xx_hal_gpio.o
                                        0x889 (size before relaxing)
 .debug_str     0x0000000000001630      0x797 Drivers/STM32F1xx_HAL_Driver/Src/stm32f1xx_hal_pcd.o
                                        0xe83 (size before relaxing)
 .debug_str     0x0000000000001dc7       0x57 Drivers/STM32F1xx_HAL_Driver/Src/stm32f1xx_hal_pcd_ex.o
                                        0x9ae (size before relaxing)
 .debug_str     0x0000000000001e1e      0x317 Drivers/STM32F1xx_HAL_Driver/Src/stm32f1xx_hal_rcc.o
                                        0xa67 (size before relaxing)
 .debug_str     0x0000000000002135      0x110 Drivers/STM32F1xx_HAL_Driver/Src/stm32f1xx_hal_rcc_ex.o
                                        0x844 (size before relaxing)
 .debug_str     0x0000000000002245      0x15b Drivers/STM32F1xx_HAL_Driver/Src/stm32f1xx_ll_usb.o
                                        0xb81 (size before relaxing)
 .debug_str     0x00000000000023a0      0x69e Middlewares/ST/STM32_USB_Device_Library/Class/CustomHID/Src/usbd_customhid.o
                                        0xd46 (size before relaxing)
 .debug_str     0x0000000000002a3e      0x2a0 Middlewares/ST/STM32_USB_Device_Library/Core/Src/usbd_core.o
                                        0xc9f (size before relaxing)
 .debug_str     0x0000000000002cde      0x11b Middlewares/ST/STM32_USB_Device_Library/Core/Src/usbd_ctlreq.o
                                        0xbcd (size before relaxing)
 .debug_str     0x0000000000002df9       0x67 Middlewares/ST/STM32_USB_Device_Library/Core/Src/usbd_ioreq.o
                                        0xafa (size before relaxing)
 .debug_str     0x0000000000002e60      0x112 Src/main.o
                                       0x144e (size before relaxing)
 .debug_str     0x0000000000002f72       0x1b Src/stm32f1xx_hal_msp.o
                                        0xd11 (size before relaxing)
 .debug_str     0x0000000000002f8d       0xcd Src/stm32f1xx_it.o
                                        0x9f2 (size before relaxing)
 .debug_str     0x000000000000305a       0x4d Src/system_stm32f1xx.o
                                        0x6f2 (size before relaxing)
 .debug_str     0x00000000000030a7       0x2b Src/usb_device.o
                                        0xab0 (size before relaxing)
 .debug_str     0x00000000000030d2       0x46 Src/usbd_conf.o
                                       0x159b (size before relaxing)
 .debug_str     0x0000000000003118       0x7e Src/usbd_custom_hid_if.o
                                        0xabb (size before relaxing)
 .debug_str     0x0000000000003196      0x10e Src/usbd_desc.o
                                        0x85a (size before relaxing)

.comment        0x0000000000000000       0x7c
 .comment       0x0000000000000000       0x7c Drivers/STM32F1xx_HAL_Driver/Src/stm32f1xx_hal.o
                                         0x7d (size before relaxing)
 .comment       0x000000000000007c       0x7d Drivers/STM32F1xx_HAL_Driver/Src/stm32f1xx_hal_adc.o
 .comment       0x000000000000007c       0x7d Drivers/STM32F1xx_HAL_Driver/Src/stm32f1xx_hal_cortex.o
 .comment       0x000000000000007c       0x7d Drivers/STM32F1xx_HAL_Driver/Src/stm32f1xx_hal_gpio.o
 .comment       0x000000000000007c       0x7d Drivers/STM32F1xx_HAL_Driver/Src/stm32f1xx_hal_pcd.o
 .comment       0x000000000000007c       0x7d Drivers/STM32F1xx_HAL_Driver/Src/stm32f1xx_hal_pcd_ex.o
 .comment       0x000000000000007c       0x7d Drivers/STM32F1xx_HAL_Driver/Src/stm32f1xx_hal_rcc.o
 .comment       0x000000000000007c       0x7d Drivers/STM32F1xx_HAL_Driver/Src/stm32f1xx_hal_rcc_ex.o
 .comment       0x000000000000007c       0x7d Drivers/STM32F1xx_HAL_Driver/Src/stm32f1xx_ll_usb.o
 .comment       0x000000000000007c       0x7d Middlewares/ST/STM32_USB_Device_Library/Class/CustomHID/Src/usbd_customhid.o
 .comment       0x000000000000007c       0x7d Middlewares/ST/STM32_USB_Device_Library/Core/Src/usbd_core.o
 .comment       0x000000000000007c       0x7d Middlewares/ST/STM32_USB_Device_Library/Core/Src/usbd_ctlreq.o
 .comment       0x000000000000007c       0x7d Middlewares/ST/STM32_USB_Device_Library/Core/Src/usbd_ioreq.o
 .comment       0x000000000000007c       0x7d Src/main.o
 .comment       0x000000000000007c       0x7d Src/stm32f1xx_hal_msp.o
 .comment       0x000000000000007c       0x7d Src/stm32f1xx_it.o
 .comment       0x000000000000007c       0x7d Src/system_stm32f1xx.o
 .comment       0x000000000000007c       0x7d Src/usb_device.o
 .comment       0x000000000000007c       0x7d Src/usbd_conf.o
 .comment       0x000000000000007c       0x7d Src/usbd_custom_hid_if.o
 .comment       0x000000000000007c       0x7d Src/usbd_desc.o

.debug_frame    0x0000000000000000     0x16ac
 .debug_frame   0x0000000000000000      0x174 Drivers/STM32F1xx_HAL_Driver/Src/stm32f1xx_hal.o
 .debug_frame   0x0000000000000174      0x298 Drivers/STM32F1xx_HAL_Driver/Src/stm32f1xx_hal_adc.o
 .debug_frame   0x000000000000040c      0x120 Drivers/STM32F1xx_HAL_Driver/Src/stm32f1xx_hal_cortex.o
 .debug_frame   0x000000000000052c       0xd4 Drivers/STM32F1xx_HAL_Driver/Src/stm32f1xx_hal_gpio.o
 .debug_frame   0x0000000000000600      0x2c4 Drivers/STM32F1xx_HAL_Driver/Src/stm32f1xx_hal_pcd.o
 .debug_frame   0x00000000000008c4       0x30 Drivers/STM32F1xx_HAL_Driver/Src/stm32f1xx_hal_pcd_ex.o
 .debug_frame   0x00000000000008f4      0x144 Drivers/STM32F1xx_HAL_Driver/Src/stm32f1xx_hal_rcc.o
 .debug_frame   0x0000000000000a38       0x6c Drivers/STM32F1xx_HAL_Driver/Src/stm32f1xx_hal_rcc_ex.o
 .debug_frame   0x0000000000000aa4      0x22c Drivers/STM32F1xx_HAL_Driver/Src/stm32f1xx_ll_usb.o
 .debug_frame   0x0000000000000cd0       0xec Middlewares/ST/STM32_USB_Device_Library/Class/CustomHID/Src/usbd_customhid.o
 .debug_frame   0x0000000000000dbc      0x1c0 Middlewares/ST/STM32_USB_Device_Library/Core/Src/usbd_core.o
 .debug_frame   0x0000000000000f7c       0xcc Middlewares/ST/STM32_USB_Device_Library/Core/Src/usbd_ctlreq.o
 .debug_frame   0x0000000000001048       0xb8 Middlewares/ST/STM32_USB_Device_Library/Core/Src/usbd_ioreq.o
 .debug_frame   0x0000000000001100       0x90 Src/main.o
 .debug_frame   0x0000000000001190       0x6c Src/stm32f1xx_hal_msp.o
 .debug_frame   0x00000000000011fc       0xbc Src/stm32f1xx_it.o
 .debug_frame   0x00000000000012b8       0x30 Src/system_stm32f1xx.o
 .debug_frame   0x00000000000012e8       0x2c Src/usb_device.o
 .debug_frame   0x0000000000001314      0x284 Src/usbd_conf.o
 .debug_frame   0x0000000000001598       0x40 Src/usbd_custom_hid_if.o
 .debug_frame   0x00000000000015d8       0xa8 Src/usbd_desc.o
 .debug_frame   0x0000000000001680       0x2c /opt/Atollic_TrueSTUDIO_for_ARM_x86_64_8.0.0/ARMTools/bin/../lib/gcc/arm-atollic-eabi/6.3.1/../../../../arm-atollic-eabi/lib/armv7-m/libc_nano.a(lib_a-init.o)
